  console.log
    <ref *1> {
      resolve: [Function: resolve],
      normalize: [Function: normalize],
      isAbsolute: [Function: isAbsolute],
      join: [Function: join],
      relative: [Function: relative],
      toNamespacedPath: [Function: toNamespacedPath],
      dirname: [Function: dirname],
      basename: [Function: basename],
      extname: [Function: extname],
      format: [Function: bound _format],
      parse: [Function: parse],
      matchesGlob: [Function: matchesGlob],
      sep: '\\',
      delimiter: ';',
      win32: [Circular *1],
      posix: <ref *2> {
        resolve: [Function: resolve],
        normalize: [Function: normalize],
        isAbsolute: [Function: isAbsolute],
        join: [Function: join],
        relative: [Function: relative],
        toNamespacedPath: [Function: toNamespacedPath],
        dirname: [Function: dirname],
        basename: [Function: basename],
        extname: [Function: extname],
        format: [Function: bound _format],
        parse: [Function: parse],
        matchesGlob: [Function: matchesGlob],
        sep: '/',
        delimiter: ':',
        win32: [Circular *1],
        posix: [Circular *2],
        _makeLong: [Function: toNamespacedPath]
      },
      _makeLong: [Function: toNamespacedPath]
    }

      at config/connDB.js:6:9

  console.log
    Connected to SQLite database at G:\fangzheng\solo-dogfeeding\code\node-sqlite-api-10530\data\app.db

      at config/connDB.js:19:13

  console.log
    <ref *1> {
      resolve: [Function: resolve],
      normalize: [Function: normalize],
      isAbsolute: [Function: isAbsolute],
      join: [Function: join],
      relative: [Function: relative],
      toNamespacedPath: [Function: toNamespacedPath],
      dirname: [Function: dirname],
      basename: [Function: basename],
      extname: [Function: extname],
      format: [Function: bound _format],
      parse: [Function: parse],
      matchesGlob: [Function: matchesGlob],
      sep: '\\',
      delimiter: ';',
      win32: [Circular *1],
      posix: <ref *2> {
        resolve: [Function: resolve],
        normalize: [Function: normalize],
        isAbsolute: [Function: isAbsolute],
        join: [Function: join],
        relative: [Function: relative],
        toNamespacedPath: [Function: toNamespacedPath],
        dirname: [Function: dirname],
        basename: [Function: basename],
        extname: [Function: extname],
        format: [Function: bound _format],
        parse: [Function: parse],
        matchesGlob: [Function: matchesGlob],
        sep: '/',
        delimiter: ':',
        win32: [Circular *1],
        posix: [Circular *2],
        _makeLong: [Function: toNamespacedPath]
      },
      _makeLong: [Function: toNamespacedPath]
    }

      at config/connDB.js:6:9

  console.log
    Connected to SQLite database at G:\fangzheng\solo-dogfeeding\code\node-sqlite-api-10530\data\app.db

      at config/connDB.js:19:13

  console.log
    <ref *1> {
      resolve: [Function: resolve],
      normalize: [Function: normalize],
      isAbsolute: [Function: isAbsolute],
      join: [Function: join],
      relative: [Function: relative],
      toNamespacedPath: [Function: toNamespacedPath],
      dirname: [Function: dirname],
      basename: [Function: basename],
      extname: [Function: extname],
      format: [Function: bound _format],
      parse: [Function: parse],
      matchesGlob: [Function: matchesGlob],
      sep: '\\',
      delimiter: ';',
      win32: [Circular *1],
      posix: <ref *2> {
        resolve: [Function: resolve],
        normalize: [Function: normalize],
        isAbsolute: [Function: isAbsolute],
        join: [Function: join],
        relative: [Function: relative],
        toNamespacedPath: [Function: toNamespacedPath],
        dirname: [Function: dirname],
        basename: [Function: basename],
        extname: [Function: extname],
        format: [Function: bound _format],
        parse: [Function: parse],
        matchesGlob: [Function: matchesGlob],
        sep: '/',
        delimiter: ':',
        win32: [Circular *1],
        posix: [Circular *2],
        _makeLong: [Function: toNamespacedPath]
      },
      _makeLong: [Function: toNamespacedPath]
    }

      at config/connDB.js:6:9

  console.log
    Connected to SQLite database at G:\fangzheng\solo-dogfeeding\code\node-sqlite-api-10530\data\app.db

      at config/connDB.js:19:13

  console.log
    <ref *1> {
      resolve: [Function: resolve],
      normalize: [Function: normalize],
      isAbsolute: [Function: isAbsolute],
      join: [Function: join],
      relative: [Function: relative],
      toNamespacedPath: [Function: toNamespacedPath],
      dirname: [Function: dirname],
      basename: [Function: basename],
      extname: [Function: extname],
      format: [Function: bound _format],
      parse: [Function: parse],
      matchesGlob: [Function: matchesGlob],
      sep: '\\',
      delimiter: ';',
      win32: [Circular *1],
      posix: <ref *2> {
        resolve: [Function: resolve],
        normalize: [Function: normalize],
        isAbsolute: [Function: isAbsolute],
        join: [Function: join],
        relative: [Function: relative],
        toNamespacedPath: [Function: toNamespacedPath],
        dirname: [Function: dirname],
        basename: [Function: basename],
        extname: [Function: extname],
        format: [Function: bound _format],
        parse: [Function: parse],
        matchesGlob: [Function: matchesGlob],
        sep: '/',
        delimiter: ':',
        win32: [Circular *1],
        posix: [Circular *2],
        _makeLong: [Function: toNamespacedPath]
      },
      _makeLong: [Function: toNamespacedPath]
    }

      at config/connDB.js:6:9

  console.log
    <ref *1> {
      resolve: [Function: resolve],
      normalize: [Function: normalize],
      isAbsolute: [Function: isAbsolute],
      join: [Function: join],
      relative: [Function: relative],
      toNamespacedPath: [Function: toNamespacedPath],
      dirname: [Function: dirname],
      basename: [Function: basename],
      extname: [Function: extname],
      format: [Function: bound _format],
      parse: [Function: parse],
      matchesGlob: [Function: matchesGlob],
      sep: '\\',
      delimiter: ';',
      win32: [Circular *1],
      posix: <ref *2> {
        resolve: [Function: resolve],
        normalize: [Function: normalize],
        isAbsolute: [Function: isAbsolute],
        join: [Function: join],
        relative: [Function: relative],
        toNamespacedPath: [Function: toNamespacedPath],
        dirname: [Function: dirname],
        basename: [Function: basename],
        extname: [Function: extname],
        format: [Function: bound _format],
        parse: [Function: parse],
        matchesGlob: [Function: matchesGlob],
        sep: '/',
        delimiter: ':',
        win32: [Circular *1],
        posix: [Circular *2],
        _makeLong: [Function: toNamespacedPath]
      },
      _makeLong: [Function: toNamespacedPath]
    }

      at config/connDB.js:6:9

  console.log
    <ref *1> {
      resolve: [Function: resolve],
      normalize: [Function: normalize],
      isAbsolute: [Function: isAbsolute],
      join: [Function: join],
      relative: [Function: relative],
      toNamespacedPath: [Function: toNamespacedPath],
      dirname: [Function: dirname],
      basename: [Function: basename],
      extname: [Function: extname],
      format: [Function: bound _format],
      parse: [Function: parse],
      matchesGlob: [Function: matchesGlob],
      sep: '\\',
      delimiter: ';',
      win32: [Circular *1],
      posix: <ref *2> {
        resolve: [Function: resolve],
        normalize: [Function: normalize],
        isAbsolute: [Function: isAbsolute],
        join: [Function: join],
        relative: [Function: relative],
        toNamespacedPath: [Function: toNamespacedPath],
        dirname: [Function: dirname],
        basename: [Function: basename],
        extname: [Function: extname],
        format: [Function: bound _format],
        parse: [Function: parse],
        matchesGlob: [Function: matchesGlob],
        sep: '/',
        delimiter: ':',
        win32: [Circular *1],
        posix: [Circular *2],
        _makeLong: [Function: toNamespacedPath]
      },
      _makeLong: [Function: toNamespacedPath]
    }

      at config/connDB.js:6:9

  console.log
    Connected to SQLite database at G:\fangzheng\solo-dogfeeding\code\node-sqlite-api-10530\data\app.db

      at config/connDB.js:19:13

  console.log
    Connected to SQLite database at G:\fangzheng\solo-dogfeeding\code\node-sqlite-api-10530\data\app.db

      at config/connDB.js:19:13

  console.log
    Connected to SQLite database at G:\fangzheng\solo-dogfeeding\code\node-sqlite-api-10530\data\app.db

      at config/connDB.js:19:13

  console.log
    <ref *1> {
      resolve: [Function: resolve],
      normalize: [Function: normalize],
      isAbsolute: [Function: isAbsolute],
      join: [Function: join],
      relative: [Function: relative],
      toNamespacedPath: [Function: toNamespacedPath],
      dirname: [Function: dirname],
      basename: [Function: basename],
      extname: [Function: extname],
      format: [Function: bound _format],
      parse: [Function: parse],
      matchesGlob: [Function: matchesGlob],
      sep: '\\',
      delimiter: ';',
      win32: [Circular *1],
      posix: <ref *2> {
        resolve: [Function: resolve],
        normalize: [Function: normalize],
        isAbsolute: [Function: isAbsolute],
        join: [Function: join],
        relative: [Function: relative],
        toNamespacedPath: [Function: toNamespacedPath],
        dirname: [Function: dirname],
        basename: [Function: basename],
        extname: [Function: extname],
        format: [Function: bound _format],
        parse: [Function: parse],
        matchesGlob: [Function: matchesGlob],
        sep: '/',
        delimiter: ':',
        win32: [Circular *1],
        posix: [Circular *2],
        _makeLong: [Function: toNamespacedPath]
      },
      _makeLong: [Function: toNamespacedPath]
    }

      at config/connDB.js:6:9

  console.log
    <ref *1> {
      resolve: [Function: resolve],
      normalize: [Function: normalize],
      isAbsolute: [Function: isAbsolute],
      join: [Function: join],
      relative: [Function: relative],
      toNamespacedPath: [Function: toNamespacedPath],
      dirname: [Function: dirname],
      basename: [Function: basename],
      extname: [Function: extname],
      format: [Function: bound _format],
      parse: [Function: parse],
      matchesGlob: [Function: matchesGlob],
      sep: '\\',
      delimiter: ';',
      win32: [Circular *1],
      posix: <ref *2> {
        resolve: [Function: resolve],
        normalize: [Function: normalize],
        isAbsolute: [Function: isAbsolute],
        join: [Function: join],
        relative: [Function: relative],
        toNamespacedPath: [Function: toNamespacedPath],
        dirname: [Function: dirname],
        basename: [Function: basename],
        extname: [Function: extname],
        format: [Function: bound _format],
        parse: [Function: parse],
        matchesGlob: [Function: matchesGlob],
        sep: '/',
        delimiter: ':',
        win32: [Circular *1],
        posix: [Circular *2],
        _makeLong: [Function: toNamespacedPath]
      },
      _makeLong: [Function: toNamespacedPath]
    }

      at config/connDB.js:6:9

  console.log
    Connected to SQLite database at G:\fangzheng\solo-dogfeeding\code\node-sqlite-api-10530\data\app.db

      at config/connDB.js:19:13

  console.log
    <ref *1> {
      resolve: [Function: resolve],
      normalize: [Function: normalize],
      isAbsolute: [Function: isAbsolute],
      join: [Function: join],
      relative: [Function: relative],
      toNamespacedPath: [Function: toNamespacedPath],
      dirname: [Function: dirname],
      basename: [Function: basename],
      extname: [Function: extname],
      format: [Function: bound _format],
      parse: [Function: parse],
      matchesGlob: [Function: matchesGlob],
      sep: '\\',
      delimiter: ';',
      win32: [Circular *1],
      posix: <ref *2> {
        resolve: [Function: resolve],
        normalize: [Function: normalize],
        isAbsolute: [Function: isAbsolute],
        join: [Function: join],
        relative: [Function: relative],
        toNamespacedPath: [Function: toNamespacedPath],
        dirname: [Function: dirname],
        basename: [Function: basename],
        extname: [Function: extname],
        format: [Function: bound _format],
        parse: [Function: parse],
        matchesGlob: [Function: matchesGlob],
        sep: '/',
        delimiter: ':',
        win32: [Circular *1],
        posix: [Circular *2],
        _makeLong: [Function: toNamespacedPath]
      },
      _makeLong: [Function: toNamespacedPath]
    }

      at config/connDB.js:6:9

  console.log
    <ref *1> {
      resolve: [Function: resolve],
      normalize: [Function: normalize],
      isAbsolute: [Function: isAbsolute],
      join: [Function: join],
      relative: [Function: relative],
      toNamespacedPath: [Function: toNamespacedPath],
      dirname: [Function: dirname],
      basename: [Function: basename],
      extname: [Function: extname],
      format: [Function: bound _format],
      parse: [Function: parse],
      matchesGlob: [Function: matchesGlob],
      sep: '\\',
      delimiter: ';',
      win32: [Circular *1],
      posix: <ref *2> {
        resolve: [Function: resolve],
        normalize: [Function: normalize],
        isAbsolute: [Function: isAbsolute],
        join: [Function: join],
        relative: [Function: relative],
        toNamespacedPath: [Function: toNamespacedPath],
        dirname: [Function: dirname],
        basename: [Function: basename],
        extname: [Function: extname],
        format: [Function: bound _format],
        parse: [Function: parse],
        matchesGlob: [Function: matchesGlob],
        sep: '/',
        delimiter: ':',
        win32: [Circular *1],
        posix: [Circular *2],
        _makeLong: [Function: toNamespacedPath]
      },
      _makeLong: [Function: toNamespacedPath]
    }

      at config/connDB.js:6:9

  console.log
    <ref *1> {
      resolve: [Function: resolve],
      normalize: [Function: normalize],
      isAbsolute: [Function: isAbsolute],
      join: [Function: join],
      relative: [Function: relative],
      toNamespacedPath: [Function: toNamespacedPath],
      dirname: [Function: dirname],
      basename: [Function: basename],
      extname: [Function: extname],
      format: [Function: bound _format],
      parse: [Function: parse],
      matchesGlob: [Function: matchesGlob],
      sep: '\\',
      delimiter: ';',
      win32: [Circular *1],
      posix: <ref *2> {
        resolve: [Function: resolve],
        normalize: [Function: normalize],
        isAbsolute: [Function: isAbsolute],
        join: [Function: join],
        relative: [Function: relative],
        toNamespacedPath: [Function: toNamespacedPath],
        dirname: [Function: dirname],
        basename: [Function: basename],
        extname: [Function: extname],
        format: [Function: bound _format],
        parse: [Function: parse],
        matchesGlob: [Function: matchesGlob],
        sep: '/',
        delimiter: ':',
        win32: [Circular *1],
        posix: [Circular *2],
        _makeLong: [Function: toNamespacedPath]
      },
      _makeLong: [Function: toNamespacedPath]
    }

      at config/connDB.js:6:9

  console.log
    Connected to SQLite database at G:\fangzheng\solo-dogfeeding\code\node-sqlite-api-10530\data\app.db

      at config/connDB.js:19:13

  console.log
    Connected to SQLite database at G:\fangzheng\solo-dogfeeding\code\node-sqlite-api-10530\data\app.db

      at config/connDB.js:19:13

  console.log
    Connected to SQLite database at G:\fangzheng\solo-dogfeeding\code\node-sqlite-api-10530\data\app.db

      at config/connDB.js:19:13

  console.log
    Connected to SQLite database at G:\fangzheng\solo-dogfeeding\code\node-sqlite-api-10530\data\app.db

      at config/connDB.js:19:13

  console.log
    <ref *1> {
      resolve: [Function: resolve],
      normalize: [Function: normalize],
      isAbsolute: [Function: isAbsolute],
      join: [Function: join],
      relative: [Function: relative],
      toNamespacedPath: [Function: toNamespacedPath],
      dirname: [Function: dirname],
      basename: [Function: basename],
      extname: [Function: extname],
      format: [Function: bound _format],
      parse: [Function: parse],
      matchesGlob: [Function: matchesGlob],
      sep: '\\',
      delimiter: ';',
      win32: [Circular *1],
      posix: <ref *2> {
        resolve: [Function: resolve],
        normalize: [Function: normalize],
        isAbsolute: [Function: isAbsolute],
        join: [Function: join],
        relative: [Function: relative],
        toNamespacedPath: [Function: toNamespacedPath],
        dirname: [Function: dirname],
        basename: [Function: basename],
        extname: [Function: extname],
        format: [Function: bound _format],
        parse: [Function: parse],
        matchesGlob: [Function: matchesGlob],
        sep: '/',
        delimiter: ':',
        win32: [Circular *1],
        posix: [Circular *2],
        _makeLong: [Function: toNamespacedPath]
      },
      _makeLong: [Function: toNamespacedPath]
    }

      at config/connDB.js:6:9

  console.log
    Connected to SQLite database at G:\fangzheng\solo-dogfeeding\code\node-sqlite-api-10530\data\app.db

      at config/connDB.js:19:13

  console.log
    <ref *1> {
      resolve: [Function: resolve],
      normalize: [Function: normalize],
      isAbsolute: [Function: isAbsolute],
      join: [Function: join],
      relative: [Function: relative],
      toNamespacedPath: [Function: toNamespacedPath],
      dirname: [Function: dirname],
      basename: [Function: basename],
      extname: [Function: extname],
      format: [Function: bound _format],
      parse: [Function: parse],
      matchesGlob: [Function: matchesGlob],
      sep: '\\',
      delimiter: ';',
      win32: [Circular *1],
      posix: <ref *2> {
        resolve: [Function: resolve],
        normalize: [Function: normalize],
        isAbsolute: [Function: isAbsolute],
        join: [Function: join],
        relative: [Function: relative],
        toNamespacedPath: [Function: toNamespacedPath],
        dirname: [Function: dirname],
        basename: [Function: basename],
        extname: [Function: extname],
        format: [Function: bound _format],
        parse: [Function: parse],
        matchesGlob: [Function: matchesGlob],
        sep: '/',
        delimiter: ':',
        win32: [Circular *1],
        posix: [Circular *2],
        _makeLong: [Function: toNamespacedPath]
      },
      _makeLong: [Function: toNamespacedPath]
    }

      at config/connDB.js:6:9

  console.log
    Connected to SQLite database at G:\fangzheng\solo-dogfeeding\code\node-sqlite-api-10530\data\app.db

      at config/connDB.js:19:13

  console.log
    <ref *1> {
      resolve: [Function: resolve],
      normalize: [Function: normalize],
      isAbsolute: [Function: isAbsolute],
      join: [Function: join],
      relative: [Function: relative],
      toNamespacedPath: [Function: toNamespacedPath],
      dirname: [Function: dirname],
      basename: [Function: basename],
      extname: [Function: extname],
      format: [Function: bound _format],
      parse: [Function: parse],
      matchesGlob: [Function: matchesGlob],
      sep: '\\',
      delimiter: ';',
      win32: [Circular *1],
      posix: <ref *2> {
        resolve: [Function: resolve],
        normalize: [Function: normalize],
        isAbsolute: [Function: isAbsolute],
        join: [Function: join],
        relative: [Function: relative],
        toNamespacedPath: [Function: toNamespacedPath],
        dirname: [Function: dirname],
        basename: [Function: basename],
        extname: [Function: extname],
        format: [Function: bound _format],
        parse: [Function: parse],
        matchesGlob: [Function: matchesGlob],
        sep: '/',
        delimiter: ':',
        win32: [Circular *1],
        posix: [Circular *2],
        _makeLong: [Function: toNamespacedPath]
      },
      _makeLong: [Function: toNamespacedPath]
    }

      at config/connDB.js:6:9

  console.log
    Connected to SQLite database at G:\fangzheng\solo-dogfeeding\code\node-sqlite-api-10530\data\app.db

      at config/connDB.js:19:13

  console.log
    <ref *1> {
      resolve: [Function: resolve],
      normalize: [Function: normalize],
      isAbsolute: [Function: isAbsolute],
      join: [Function: join],
      relative: [Function: relative],
      toNamespacedPath: [Function: toNamespacedPath],
      dirname: [Function: dirname],
      basename: [Function: basename],
      extname: [Function: extname],
      format: [Function: bound _format],
      parse: [Function: parse],
      matchesGlob: [Function: matchesGlob],
      sep: '\\',
      delimiter: ';',
      win32: [Circular *1],
      posix: <ref *2> {
        resolve: [Function: resolve],
        normalize: [Function: normalize],
        isAbsolute: [Function: isAbsolute],
        join: [Function: join],
        relative: [Function: relative],
        toNamespacedPath: [Function: toNamespacedPath],
        dirname: [Function: dirname],
        basename: [Function: basename],
        extname: [Function: extname],
        format: [Function: bound _format],
        parse: [Function: parse],
        matchesGlob: [Function: matchesGlob],
        sep: '/',
        delimiter: ':',
        win32: [Circular *1],
        posix: [Circular *2],
        _makeLong: [Function: toNamespacedPath]
      },
      _makeLong: [Function: toNamespacedPath]
    }

      at config/connDB.js:6:9

  console.log
    Connected to SQLite database at G:\fangzheng\solo-dogfeeding\code\node-sqlite-api-10530\data\app.db

      at config/connDB.js:19:13

  console.log
    <ref *1> {
      resolve: [Function: resolve],
      normalize: [Function: normalize],
      isAbsolute: [Function: isAbsolute],
      join: [Function: join],
      relative: [Function: relative],
      toNamespacedPath: [Function: toNamespacedPath],
      dirname: [Function: dirname],
      basename: [Function: basename],
      extname: [Function: extname],
      format: [Function: bound _format],
      parse: [Function: parse],
      matchesGlob: [Function: matchesGlob],
      sep: '\\',
      delimiter: ';',
      win32: [Circular *1],
      posix: <ref *2> {
        resolve: [Function: resolve],
        normalize: [Function: normalize],
        isAbsolute: [Function: isAbsolute],
        join: [Function: join],
        relative: [Function: relative],
        toNamespacedPath: [Function: toNamespacedPath],
        dirname: [Function: dirname],
        basename: [Function: basename],
        extname: [Function: extname],
        format: [Function: bound _format],
        parse: [Function: parse],
        matchesGlob: [Function: matchesGlob],
        sep: '/',
        delimiter: ':',
        win32: [Circular *1],
        posix: [Circular *2],
        _makeLong: [Function: toNamespacedPath]
      },
      _makeLong: [Function: toNamespacedPath]
    }

      at config/connDB.js:6:9

  console.log
    Connected to SQLite database at G:\fangzheng\solo-dogfeeding\code\node-sqlite-api-10530\data\app.db

      at config/connDB.js:19:13

  console.log
    <ref *1> {
      resolve: [Function: resolve],
      normalize: [Function: normalize],
      isAbsolute: [Function: isAbsolute],
      join: [Function: join],
      relative: [Function: relative],
      toNamespacedPath: [Function: toNamespacedPath],
      dirname: [Function: dirname],
      basename: [Function: basename],
      extname: [Function: extname],
      format: [Function: bound _format],
      parse: [Function: parse],
      matchesGlob: [Function: matchesGlob],
      sep: '\\',
      delimiter: ';',
      win32: [Circular *1],
      posix: <ref *2> {
        resolve: [Function: resolve],
        normalize: [Function: normalize],
        isAbsolute: [Function: isAbsolute],
        join: [Function: join],
        relative: [Function: relative],
        toNamespacedPath: [Function: toNamespacedPath],
        dirname: [Function: dirname],
        basename: [Function: basename],
        extname: [Function: extname],
        format: [Function: bound _format],
        parse: [Function: parse],
        matchesGlob: [Function: matchesGlob],
        sep: '/',
        delimiter: ':',
        win32: [Circular *1],
        posix: [Circular *2],
        _makeLong: [Function: toNamespacedPath]
      },
      _makeLong: [Function: toNamespacedPath]
    }

      at config/connDB.js:6:9

  console.log
    Connected to SQLite database at G:\fangzheng\solo-dogfeeding\code\node-sqlite-api-10530\data\app.db

      at config/connDB.js:19:13

(node:3900) ExperimentalWarning: VM Modules is an experimental feature and might change at any time
(Use `node --trace-warnings ...` to show where the warning was created)
FAIL tests/controllers/createBook.test.js (12.975 s)
  Create Books test
    × should create a book if it doesnot already exist (3630 ms)
    × Throw 409 if book already exists (707 ms)

  ● Create Books test › should create a book if it doesnot already exist

    expect(jest.fn()).toHaveBeenCalledWith(...expected)

    Expected: Anything, StringContaining "SELECT * FROM books", ["1234567890"]

    Number of calls: 0

    [0m [90m 46 |[39m         [36mawait[39m createBooks(req[33m,[39m res)[33m;[39m
     [90m 47 |[39m
    [31m[1m>[22m[39m[90m 48 |[39m         expect(mockFetchFirst)[33m.[39mtoHaveBeenCalledWith(
     [90m    |[39m                                [31m[1m^[22m[39m
     [90m 49 |[39m             expect[33m.[39manything()[33m,[39m
     [90m 50 |[39m             expect[33m.[39mstringContaining([32m'SELECT * FROM books'[39m)[33m,[39m
     [90m 51 |[39m             [[32m'1234567890'[39m][0m

      at Object.<anonymous> (tests/controllers/createBook.test.js:48:32)

  ● Create Books test › Throw 409 if book already exists

    expect(received).rejects.toMatchObject()

    Matcher error: received value must be a promise or a function returning a promise

    Received has value: undefined

    [0m [90m 73 |[39m             })[33m;[39m
     [90m 74 |[39m         
    [31m[1m>[22m[39m[90m 75 |[39m         [36mawait[39m expect(createBooks(req[33m,[39m res))[33m.[39mrejects[33m.[39mtoMatchObject({
     [90m    |[39m                                                     [31m[1m^[22m[39m
     [90m 76 |[39m             message[33m:[39m [32m'Book with this isbn already exists'[39m[33m,[39m
     [90m 77 |[39m             statusCode[33m:[39m [35m409[39m[33m,[39m
     [90m 78 |[39m         })[33m;[39m[0m

      at Object.toMatchObject (node_modules/expect/build/index.js:2153:11)
      at Object.<anonymous> (tests/controllers/createBook.test.js:75:53)

  console.log
    <ref *1> {
      resolve: [Function: resolve],
      normalize: [Function: normalize],
      isAbsolute: [Function: isAbsolute],
      join: [Function: join],
      relative: [Function: relative],
      toNamespacedPath: [Function: toNamespacedPath],
      dirname: [Function: dirname],
      basename: [Function: basename],
      extname: [Function: extname],
      format: [Function: bound _format],
      parse: [Function: parse],
      matchesGlob: [Function: matchesGlob],
      sep: '\\',
      delimiter: ';',
      win32: [Circular *1],
      posix: <ref *2> {
        resolve: [Function: resolve],
        normalize: [Function: normalize],
        isAbsolute: [Function: isAbsolute],
        join: [Function: join],
        relative: [Function: relative],
        toNamespacedPath: [Function: toNamespacedPath],
        dirname: [Function: dirname],
        basename: [Function: basename],
        extname: [Function: extname],
        format: [Function: bound _format],
        parse: [Function: parse],
        matchesGlob: [Function: matchesGlob],
        sep: '/',
        delimiter: ':',
        win32: [Circular *1],
        posix: [Circular *2],
        _makeLong: [Function: toNamespacedPath]
      },
      _makeLong: [Function: toNamespacedPath]
    }

      at config/connDB.js:6:9

  console.log
    Connected to SQLite database at G:\fangzheng\solo-dogfeeding\code\node-sqlite-api-10530\data\app.db

      at config/connDB.js:19:13

  console.log
    <ref *1> {
      resolve: [Function: resolve],
      normalize: [Function: normalize],
      isAbsolute: [Function: isAbsolute],
      join: [Function: join],
      relative: [Function: relative],
      toNamespacedPath: [Function: toNamespacedPath],
      dirname: [Function: dirname],
      basename: [Function: basename],
      extname: [Function: extname],
      format: [Function: bound _format],
      parse: [Function: parse],
      matchesGlob: [Function: matchesGlob],
      sep: '\\',
      delimiter: ';',
      win32: [Circular *1],
      posix: <ref *2> {
        resolve: [Function: resolve],
        normalize: [Function: normalize],
        isAbsolute: [Function: isAbsolute],
        join: [Function: join],
        relative: [Function: relative],
        toNamespacedPath: [Function: toNamespacedPath],
        dirname: [Function: dirname],
        basename: [Function: basename],
        extname: [Function: extname],
        format: [Function: bound _format],
        parse: [Function: parse],
        matchesGlob: [Function: matchesGlob],
        sep: '/',
        delimiter: ':',
        win32: [Circular *1],
        posix: [Circular *2],
        _makeLong: [Function: toNamespacedPath]
      },
      _makeLong: [Function: toNamespacedPath]
    }

      at config/connDB.js:6:9

  console.log
    Connected to SQLite database at G:\fangzheng\solo-dogfeeding\code\node-sqlite-api-10530\data\app.db

      at config/connDB.js:19:13

  console.log
    <ref *1> {
      resolve: [Function: resolve],
      normalize: [Function: normalize],
      isAbsolute: [Function: isAbsolute],
      join: [Function: join],
      relative: [Function: relative],
      toNamespacedPath: [Function: toNamespacedPath],
      dirname: [Function: dirname],
      basename: [Function: basename],
      extname: [Function: extname],
      format: [Function: bound _format],
      parse: [Function: parse],
      matchesGlob: [Function: matchesGlob],
      sep: '\\',
      delimiter: ';',
      win32: [Circular *1],
      posix: <ref *2> {
        resolve: [Function: resolve],
        normalize: [Function: normalize],
        isAbsolute: [Function: isAbsolute],
        join: [Function: join],
        relative: [Function: relative],
        toNamespacedPath: [Function: toNamespacedPath],
        dirname: [Function: dirname],
        basename: [Function: basename],
        extname: [Function: extname],
        format: [Function: bound _format],
        parse: [Function: parse],
        matchesGlob: [Function: matchesGlob],
        sep: '/',
        delimiter: ':',
        win32: [Circular *1],
        posix: [Circular *2],
        _makeLong: [Function: toNamespacedPath]
      },
      _makeLong: [Function: toNamespacedPath]
    }

      at config/connDB.js:6:9

  console.log
    <ref *1> {
      resolve: [Function: resolve],
      normalize: [Function: normalize],
      isAbsolute: [Function: isAbsolute],
      join: [Function: join],
      relative: [Function: relative],
      toNamespacedPath: [Function: toNamespacedPath],
      dirname: [Function: dirname],
      basename: [Function: basename],
      extname: [Function: extname],
      format: [Function: bound _format],
      parse: [Function: parse],
      matchesGlob: [Function: matchesGlob],
      sep: '\\',
      delimiter: ';',
      win32: [Circular *1],
      posix: <ref *2> {
        resolve: [Function: resolve],
        normalize: [Function: normalize],
        isAbsolute: [Function: isAbsolute],
        join: [Function: join],
        relative: [Function: relative],
        toNamespacedPath: [Function: toNamespacedPath],
        dirname: [Function: dirname],
        basename: [Function: basename],
        extname: [Function: extname],
        format: [Function: bound _format],
        parse: [Function: parse],
        matchesGlob: [Function: matchesGlob],
        sep: '/',
        delimiter: ':',
        win32: [Circular *1],
        posix: [Circular *2],
        _makeLong: [Function: toNamespacedPath]
      },
      _makeLong: [Function: toNamespacedPath]
    }

      at config/connDB.js:6:9

  console.log
    Connected to SQLite database at G:\fangzheng\solo-dogfeeding\code\node-sqlite-api-10530\data\app.db

      at config/connDB.js:19:13

  console.log
    Connected to SQLite database at G:\fangzheng\solo-dogfeeding\code\node-sqlite-api-10530\data\app.db

      at config/connDB.js:19:13

  console.log
    <ref *1> {
      resolve: [Function: resolve],
      normalize: [Function: normalize],
      isAbsolute: [Function: isAbsolute],
      join: [Function: join],
      relative: [Function: relative],
      toNamespacedPath: [Function: toNamespacedPath],
      dirname: [Function: dirname],
      basename: [Function: basename],
      extname: [Function: extname],
      format: [Function: bound _format],
      parse: [Function: parse],
      matchesGlob: [Function: matchesGlob],
      sep: '\\',
      delimiter: ';',
      win32: [Circular *1],
      posix: <ref *2> {
        resolve: [Function: resolve],
        normalize: [Function: normalize],
        isAbsolute: [Function: isAbsolute],
        join: [Function: join],
        relative: [Function: relative],
        toNamespacedPath: [Function: toNamespacedPath],
        dirname: [Function: dirname],
        basename: [Function: basename],
        extname: [Function: extname],
        format: [Function: bound _format],
        parse: [Function: parse],
        matchesGlob: [Function: matchesGlob],
        sep: '/',
        delimiter: ':',
        win32: [Circular *1],
        posix: [Circular *2],
        _makeLong: [Function: toNamespacedPath]
      },
      _makeLong: [Function: toNamespacedPath]
    }

      at config/connDB.js:6:9

  console.log
    Connected to SQLite database at G:\fangzheng\solo-dogfeeding\code\node-sqlite-api-10530\data\app.db

      at config/connDB.js:19:13

(node:19284) ExperimentalWarning: VM Modules is an experimental feature and might change at any time
(Use `node --trace-warnings ...` to show where the warning was created)
FAIL tests/controllers/deleteBook.test.js (13.091 s)
  deleteBook unit test
    × should soft delete an existing book (3633 ms)
    × should return 404 when book does not exist (723 ms)

  ● deleteBook unit test › should soft delete an existing book

    expect(jest.fn()).toHaveBeenCalledWith(...expected)

    Expected: Anything, StringContaining "SELECT * FROM books WHERE id = ? AND deleted_at IS NULL", [1]

    Number of calls: 0

    [0m [90m 40 |[39m         [36mawait[39m deleteBook(req[33m,[39m res)[33m;[39m
     [90m 41 |[39m
    [31m[1m>[22m[39m[90m 42 |[39m         expect(mockFetchFirst)[33m.[39mtoHaveBeenCalledWith(
     [90m    |[39m                                [31m[1m^[22m[39m
     [90m 43 |[39m             expect[33m.[39manything()[33m,[39m
     [90m 44 |[39m             expect[33m.[39mstringContaining([32m'SELECT * FROM books WHERE id = ? AND deleted_at IS NULL'[39m)[33m,[39m
     [90m 45 |[39m             [[35m1[39m][0m

      at Object.<anonymous> (tests/controllers/deleteBook.test.js:42:32)

  ● deleteBook unit test › should return 404 when book does not exist

    expect(received).rejects.toMatchObject()

    Matcher error: received value must be a promise or a function returning a promise

    Received has value: undefined

    [0m [90m 57 |[39m         mockFetchFirst[33m.[39mmockResolvedValue([36mnull[39m)[33m;[39m
     [90m 58 |[39m
    [31m[1m>[22m[39m[90m 59 |[39m         [36mawait[39m expect(deleteBook(req[33m,[39m res))[33m.[39mrejects[33m.[39mtoMatchObject({
     [90m    |[39m                                                    [31m[1m^[22m[39m
     [90m 60 |[39m             message[33m:[39m [32m'Book with the given id 1 does not exist'[39m[33m,[39m
     [90m 61 |[39m             statusCode[33m:[39m [35m404[39m
     [90m 62 |[39m         })[33m;[39m[0m

      at Object.toMatchObject (node_modules/expect/build/index.js:2153:11)
      at Object.<anonymous> (tests/controllers/deleteBook.test.js:59:52)

(node:20124) ExperimentalWarning: VM Modules is an experimental feature and might change at any time
(Use `node --trace-warnings ...` to show where the warning was created)
FAIL tests/controllers/restoreAuthor.test.js (13.085 s)
  restoreAuthor unit test
    × should restore a deleted author and their books (3629 ms)
    × should return 404 when deleted author does not exist (774 ms)

  ● restoreAuthor unit test › should restore a deleted author and their books

    expect(jest.fn()).toHaveBeenCalledWith(...expected)

    Expected: Anything, StringContaining "SELECT * FROM authors WHERE id = ? AND deleted_at IS NOT NULL", [1]

    Number of calls: 0

    [0m [90m 40 |[39m         [36mawait[39m restoreAuthor(req[33m,[39m res)[33m;[39m
     [90m 41 |[39m
    [31m[1m>[22m[39m[90m 42 |[39m         expect(mockFetchFirst)[33m.[39mtoHaveBeenCalledWith(
     [90m    |[39m                                [31m[1m^[22m[39m
     [90m 43 |[39m             expect[33m.[39manything()[33m,[39m
     [90m 44 |[39m             expect[33m.[39mstringContaining([32m'SELECT * FROM authors WHERE id = ? AND deleted_at IS NOT NULL'[39m)[33m,[39m
     [90m 45 |[39m             [[35m1[39m][0m

      at Object.<anonymous> (tests/controllers/restoreAuthor.test.js:42:32)

  ● restoreAuthor unit test › should return 404 when deleted author does not exist

    expect(received).rejects.toMatchObject()

    Matcher error: received value must be a promise or a function returning a promise

    Received has value: undefined

    [0m [90m 63 |[39m         mockFetchFirst[33m.[39mmockResolvedValue([36mnull[39m)[33m;[39m
     [90m 64 |[39m
    [31m[1m>[22m[39m[90m 65 |[39m         [36mawait[39m expect(restoreAuthor(req[33m,[39m res))[33m.[39mrejects[33m.[39mtoMatchObject({
     [90m    |[39m                                                       [31m[1m^[22m[39m
     [90m 66 |[39m             message[33m:[39m [32m'Deleted author with the given id 1 does not exist'[39m[33m,[39m
     [90m 67 |[39m             statusCode[33m:[39m [35m404[39m
     [90m 68 |[39m         })[33m;[39m[0m

      at Object.toMatchObject (node_modules/expect/build/index.js:2153:11)
      at Object.<anonymous> (tests/controllers/restoreAuthor.test.js:65:55)

(node:19664) ExperimentalWarning: VM Modules is an experimental feature and might change at any time
(Use `node --trace-warnings ...` to show where the warning was created)
FAIL tests/controllers/getSingleDeletedBook.test.js (13.115 s)
  getSingleDeletedBook unit test
    × should return a single deleted book with author info (3625 ms)
    × should return 404 when deleted book does not exist (780 ms)

  ● getSingleDeletedBook unit test › should return a single deleted book with author info

    expect(jest.fn()).toHaveBeenCalledWith(...expected)

    Expected: Anything, StringContaining "WHERE books.id = ? AND books.deleted_at IS NOT NULL", [1]

    Number of calls: 0

    [0m [90m 50 |[39m         [36mawait[39m getSingleDeletedBook(req[33m,[39m res)[33m;[39m
     [90m 51 |[39m
    [31m[1m>[22m[39m[90m 52 |[39m         expect(mockFetchFirst)[33m.[39mtoHaveBeenCalledWith(
     [90m    |[39m                                [31m[1m^[22m[39m
     [90m 53 |[39m             expect[33m.[39manything()[33m,[39m
     [90m 54 |[39m             expect[33m.[39mstringContaining([32m'WHERE books.id = ? AND books.deleted_at IS NOT NULL'[39m)[33m,[39m
     [90m 55 |[39m             [[35m1[39m][0m

      at Object.<anonymous> (tests/controllers/getSingleDeletedBook.test.js:52:32)

  ● getSingleDeletedBook unit test › should return 404 when deleted book does not exist

    expect(received).rejects.toMatchObject()

    Matcher error: received value must be a promise or a function returning a promise

    Received has value: undefined

    [0m [90m 69 |[39m         mockFetchFirst[33m.[39mmockResolvedValue([36mnull[39m)[33m;[39m
     [90m 70 |[39m
    [31m[1m>[22m[39m[90m 71 |[39m         [36mawait[39m expect(getSingleDeletedBook(req[33m,[39m res))[33m.[39mrejects[33m.[39mtoMatchObject({
     [90m    |[39m                                                              [31m[1m^[22m[39m
     [90m 72 |[39m             message[33m:[39m [32m'No deleted book with id 1 exists in the books table'[39m[33m,[39m
     [90m 73 |[39m             statusCode[33m:[39m [35m404[39m
     [90m 74 |[39m         })[33m;[39m[0m

      at Object.toMatchObject (node_modules/expect/build/index.js:2153:11)
      at Object.<anonymous> (tests/controllers/getSingleDeletedBook.test.js:71:62)

(node:23396) ExperimentalWarning: VM Modules is an experimental feature and might change at any time
(Use `node --trace-warnings ...` to show where the warning was created)
(node:21072) ExperimentalWarning: VM Modules is an experimental feature and might change at any time
(Use `node --trace-warnings ...` to show where the warning was created)
FAIL tests/controllers/createAuthor.test.js (13.104 s)
  createAuthor unit tests
    × should create a new author when email does not exist (3630 ms)
    × throw error if the email already exists (791 ms)

  ● createAuthor unit tests › should create a new author when email does not exist

    expect(jest.fn()).toHaveBeenCalledWith(...expected)

    Expected: Anything, StringContaining "SELECT * FROM authors WHERE email = ?", ["test@gmail.com"]

    Number of calls: 0

    [0m [90m 43 |[39m         [36mawait[39m createAuthor(req[33m,[39m res)[33m;[39m
     [90m 44 |[39m
    [31m[1m>[22m[39m[90m 45 |[39m         expect(mockFetchFirst)[33m.[39mtoHaveBeenCalledWith(
     [90m    |[39m                                [31m[1m^[22m[39m
     [90m 46 |[39m             expect[33m.[39manything()[33m,[39m
     [90m 47 |[39m             expect[33m.[39mstringContaining([32m'SELECT * FROM authors WHERE email = ?'[39m)[33m,[39m
     [90m 48 |[39m             [[32m'test@gmail.com'[39m][0m

      at Object.<anonymous> (tests/controllers/createAuthor.test.js:45:32)

  ● createAuthor unit tests › throw error if the email already exists

    expect(received).rejects.toMatchObject()

    Matcher error: received value must be a promise or a function returning a promise

    Received has value: undefined

    [0m [90m 62 |[39m         mockFetchFirst[33m.[39mmockResolvedValue({ id [33m:[39m [35m1[39m[33m,[39m name [33m:[39m [32m'Test'[39m[33m,[39m email [33m:[39m [32m'test@gmail.com'[39m[33m,[39m createdAt [33m:[39m [32m'2025-09-12 06:47:02'[39m })[33m;[39m
     [90m 63 |[39m
    [31m[1m>[22m[39m[90m 64 |[39m         [36mawait[39m expect(createAuthor(req[33m,[39m res))[33m.[39mrejects[33m.[39mtoMatchObject({
     [90m    |[39m                                                      [31m[1m^[22m[39m
     [90m 65 |[39m             message[33m:[39m [32m'Author with this email already exists'[39m[33m,[39m
     [90m 66 |[39m             statusCode[33m:[39m [35m409[39m[33m,[39m
     [90m 67 |[39m         })[33m;[39m[0m

      at Object.toMatchObject (node_modules/expect/build/index.js:2153:11)
      at Object.<anonymous> (tests/controllers/createAuthor.test.js:64:54)

FAIL tests/controllers/deleteAuthor.test.js (13.15 s)
  deleteAuthor unit test
    × should soft delete an existing author and their books (3635 ms)
    × should return 404 when author does not exist (798 ms)

  ● deleteAuthor unit test › should soft delete an existing author and their books

    expect(jest.fn()).toHaveBeenCalledWith(...expected)

    Expected: Anything, StringContaining "SELECT * FROM authors WHERE id = ? AND deleted_at IS NULL", [1]

    Number of calls: 0

    [0m [90m 40 |[39m         [36mawait[39m deleteAuthor(req[33m,[39m res)[33m;[39m
     [90m 41 |[39m
    [31m[1m>[22m[39m[90m 42 |[39m         expect(mockFetchFirst)[33m.[39mtoHaveBeenCalledWith(
     [90m    |[39m                                [31m[1m^[22m[39m
     [90m 43 |[39m             expect[33m.[39manything()[33m,[39m
     [90m 44 |[39m             expect[33m.[39mstringContaining([32m'SELECT * FROM authors WHERE id = ? AND deleted_at IS NULL'[39m)[33m,[39m
     [90m 45 |[39m             [[35m1[39m][0m

      at Object.<anonymous> (tests/controllers/deleteAuthor.test.js:42:32)

  ● deleteAuthor unit test › should return 404 when author does not exist

    expect(received).rejects.toMatchObject()

    Matcher error: received value must be a promise or a function returning a promise

    Received has value: undefined

    [0m [90m 63 |[39m         mockFetchFirst[33m.[39mmockResolvedValue([36mnull[39m)[33m;[39m
     [90m 64 |[39m
    [31m[1m>[22m[39m[90m 65 |[39m         [36mawait[39m expect(deleteAuthor(req[33m,[39m res))[33m.[39mrejects[33m.[39mtoMatchObject({
     [90m    |[39m                                                      [31m[1m^[22m[39m
     [90m 66 |[39m             message[33m:[39m [32m'Author with the given id 1 does not exist'[39m[33m,[39m
     [90m 67 |[39m             statusCode[33m:[39m [35m404[39m
     [90m 68 |[39m         })[33m;[39m[0m

      at Object.toMatchObject (node_modules/expect/build/index.js:2153:11)
      at Object.<anonymous> (tests/controllers/deleteAuthor.test.js:65:54)

  console.log
    <ref *1> {
      resolve: [Function: resolve],
      normalize: [Function: normalize],
      isAbsolute: [Function: isAbsolute],
      join: [Function: join],
      relative: [Function: relative],
      toNamespacedPath: [Function: toNamespacedPath],
      dirname: [Function: dirname],
      basename: [Function: basename],
      extname: [Function: extname],
      format: [Function: bound _format],
      parse: [Function: parse],
      matchesGlob: [Function: matchesGlob],
      sep: '\\',
      delimiter: ';',
      win32: [Circular *1],
      posix: <ref *2> {
        resolve: [Function: resolve],
        normalize: [Function: normalize],
        isAbsolute: [Function: isAbsolute],
        join: [Function: join],
        relative: [Function: relative],
        toNamespacedPath: [Function: toNamespacedPath],
        dirname: [Function: dirname],
        basename: [Function: basename],
        extname: [Function: extname],
        format: [Function: bound _format],
        parse: [Function: parse],
        matchesGlob: [Function: matchesGlob],
        sep: '/',
        delimiter: ':',
        win32: [Circular *1],
        posix: [Circular *2],
        _makeLong: [Function: toNamespacedPath]
      },
      _makeLong: [Function: toNamespacedPath]
    }

      at config/connDB.js:6:9

  console.log
    Connected to SQLite database at G:\fangzheng\solo-dogfeeding\code\node-sqlite-api-10530\data\app.db

      at config/connDB.js:19:13

  console.log
    <ref *1> {
      resolve: [Function: resolve],
      normalize: [Function: normalize],
      isAbsolute: [Function: isAbsolute],
      join: [Function: join],
      relative: [Function: relative],
      toNamespacedPath: [Function: toNamespacedPath],
      dirname: [Function: dirname],
      basename: [Function: basename],
      extname: [Function: extname],
      format: [Function: bound _format],
      parse: [Function: parse],
      matchesGlob: [Function: matchesGlob],
      sep: '\\',
      delimiter: ';',
      win32: [Circular *1],
      posix: <ref *2> {
        resolve: [Function: resolve],
        normalize: [Function: normalize],
        isAbsolute: [Function: isAbsolute],
        join: [Function: join],
        relative: [Function: relative],
        toNamespacedPath: [Function: toNamespacedPath],
        dirname: [Function: dirname],
        basename: [Function: basename],
        extname: [Function: extname],
        format: [Function: bound _format],
        parse: [Function: parse],
        matchesGlob: [Function: matchesGlob],
        sep: '/',
        delimiter: ':',
        win32: [Circular *1],
        posix: [Circular *2],
        _makeLong: [Function: toNamespacedPath]
      },
      _makeLong: [Function: toNamespacedPath]
    }

      at config/connDB.js:6:9

  console.log
    Connected to SQLite database at G:\fangzheng\solo-dogfeeding\code\node-sqlite-api-10530\data\app.db

      at config/connDB.js:19:13

(node:23660) ExperimentalWarning: VM Modules is an experimental feature and might change at any time
(Use `node --trace-warnings ...` to show where the warning was created)
FAIL tests/controllers/getDeletedAuthors.test.js (13.518 s)
  getDeletedAuthors unit test
    × should return deleted authors with default query params (3621 ms)
    × should apply name filter when provided (684 ms)
    × should return 204 when no deleted authors found (693 ms)

  ● getDeletedAuthors unit test › should return deleted authors with default query params

    expect(jest.fn()).toHaveBeenCalledWith(...expected)

    Expected: Anything, StringContaining "WHERE authors.deleted_at IS NOT NULL", ArrayContaining [10, 0]

    Number of calls: 0

    [0m [90m 41 |[39m         [36mawait[39m getDeletedAuthors(req[33m,[39m res)[33m;[39m
     [90m 42 |[39m
    [31m[1m>[22m[39m[90m 43 |[39m         expect(mockFetchAll)[33m.[39mtoHaveBeenCalledWith(
     [90m    |[39m                              [31m[1m^[22m[39m
     [90m 44 |[39m             expect[33m.[39manything()[33m,[39m
     [90m 45 |[39m             expect[33m.[39mstringContaining([32m'WHERE authors.deleted_at IS NOT NULL'[39m)[33m,[39m
     [90m 46 |[39m             expect[33m.[39marrayContaining([[35m10[39m[33m,[39m [35m0[39m])[0m

      at Object.<anonymous> (tests/controllers/getDeletedAuthors.test.js:43:30)

  ● getDeletedAuthors unit test › should apply name filter when provided

    expect(jest.fn()).toHaveBeenCalledWith(...expected)

    Expected: Anything, StringContaining "AND authors.name LIKE ?", ArrayContaining ["%Test%", 10, 0]

    Number of calls: 0

    [0m [90m 62 |[39m         [36mawait[39m getDeletedAuthors(req[33m,[39m res)[33m;[39m
     [90m 63 |[39m
    [31m[1m>[22m[39m[90m 64 |[39m         expect(mockFetchAll)[33m.[39mtoHaveBeenCalledWith(
     [90m    |[39m                              [31m[1m^[22m[39m
     [90m 65 |[39m             expect[33m.[39manything()[33m,[39m
     [90m 66 |[39m             expect[33m.[39mstringContaining([32m'AND authors.name LIKE ?'[39m)[33m,[39m
     [90m 67 |[39m             expect[33m.[39marrayContaining([[32m'%Test%'[39m[33m,[39m [35m10[39m[33m,[39m [35m0[39m])[0m

      at Object.<anonymous> (tests/controllers/getDeletedAuthors.test.js:64:30)

  ● getDeletedAuthors unit test › should return 204 when no deleted authors found

    expect(jest.fn()).toHaveBeenCalledWith(...expected)

    Expected: 204

    Number of calls: 0

    [0m [90m 75 |[39m         [36mawait[39m getDeletedAuthors(req[33m,[39m res)[33m;[39m
     [90m 76 |[39m
    [31m[1m>[22m[39m[90m 77 |[39m         expect(res[33m.[39mstatus)[33m.[39mtoHaveBeenCalledWith([35m204[39m)[33m;[39m
     [90m    |[39m                            [31m[1m^[22m[39m
     [90m 78 |[39m         expect(res[33m.[39mjson)[33m.[39mtoHaveBeenCalledWith({ msg[33m:[39m [32m"No any deleted authors in the list yet"[39m })[33m;[39m
     [90m 79 |[39m     })[33m;[39m
     [90m 80 |[39m })[33m;[39m[0m

      at Object.<anonymous> (tests/controllers/getDeletedAuthors.test.js:77:28)

(node:23956) ExperimentalWarning: VM Modules is an experimental feature and might change at any time
(Use `node --trace-warnings ...` to show where the warning was created)
FAIL tests/controllers/getDeletedBooks.test.js (13.558 s)
  getDeletedBooks unit test
    × should return deleted books with default query params (3625 ms)
    × should apply title filter when provided (687 ms)
    × should return 204 when no deleted books found (680 ms)

  ● getDeletedBooks unit test › should return deleted books with default query params

    expect(jest.fn()).toHaveBeenCalledWith(...expected)

    Expected: Anything, StringContaining "WHERE books.deleted_at IS NOT NULL", ArrayContaining [10, 0]

    Number of calls: 0

    [0m [90m 41 |[39m         [36mawait[39m getDeletedBooks(req[33m,[39m res)[33m;[39m
     [90m 42 |[39m
    [31m[1m>[22m[39m[90m 43 |[39m         expect(mockFetchAll)[33m.[39mtoHaveBeenCalledWith(
     [90m    |[39m                              [31m[1m^[22m[39m
     [90m 44 |[39m             expect[33m.[39manything()[33m,[39m
     [90m 45 |[39m             expect[33m.[39mstringContaining([32m'WHERE books.deleted_at IS NOT NULL'[39m)[33m,[39m
     [90m 46 |[39m             expect[33m.[39marrayContaining([[35m10[39m[33m,[39m [35m0[39m])[0m

      at Object.<anonymous> (tests/controllers/getDeletedBooks.test.js:43:30)

  ● getDeletedBooks unit test › should apply title filter when provided

    expect(jest.fn()).toHaveBeenCalledWith(...expected)

    Expected: Anything, StringContaining "books.title LIKE ?", ArrayContaining ["%Test%", 10, 0]

    Number of calls: 0

    [0m [90m 61 |[39m         [36mawait[39m getDeletedBooks(req[33m,[39m res)[33m;[39m
     [90m 62 |[39m
    [31m[1m>[22m[39m[90m 63 |[39m         expect(mockFetchAll)[33m.[39mtoHaveBeenCalledWith(
     [90m    |[39m                              [31m[1m^[22m[39m
     [90m 64 |[39m             expect[33m.[39manything()[33m,[39m
     [90m 65 |[39m             expect[33m.[39mstringContaining([32m'books.title LIKE ?'[39m)[33m,[39m
     [90m 66 |[39m             expect[33m.[39marrayContaining([[32m'%Test%'[39m[33m,[39m [35m10[39m[33m,[39m [35m0[39m])[0m

      at Object.<anonymous> (tests/controllers/getDeletedBooks.test.js:63:30)

  ● getDeletedBooks unit test › should return 204 when no deleted books found

    expect(jest.fn()).toHaveBeenCalledWith(...expected)

    Expected: 204

    Number of calls: 0

    [0m [90m 74 |[39m         [36mawait[39m getDeletedBooks(req[33m,[39m res)[33m;[39m
     [90m 75 |[39m
    [31m[1m>[22m[39m[90m 76 |[39m         expect(res[33m.[39mstatus)[33m.[39mtoHaveBeenCalledWith([35m204[39m)[33m;[39m
     [90m    |[39m                            [31m[1m^[22m[39m
     [90m 77 |[39m         expect(res[33m.[39mjson)[33m.[39mtoHaveBeenCalledWith({ msg[33m:[39m [32m"No any deleted books in the list yet"[39m })[33m;[39m
     [90m 78 |[39m     })[33m;[39m
     [90m 79 |[39m })[33m;[39m[0m

      at Object.<anonymous> (tests/controllers/getDeletedBooks.test.js:76:28)

FAIL tests/controllers/createAuthor.test.cjs
  console.log
    <ref *1> {
      resolve: [Function: resolve],
      normalize: [Function: normalize],
      isAbsolute: [Function: isAbsolute],
      join: [Function: join],
      relative: [Function: relative],
      toNamespacedPath: [Function: toNamespacedPath],
      dirname: [Function: dirname],
      basename: [Function: basename],
      extname: [Function: extname],
      format: [Function: bound _format],
      parse: [Function: parse],
      matchesGlob: [Function: matchesGlob],
      sep: '\\',
      delimiter: ';',
      win32: [Circular *1],
      posix: <ref *2> {
        resolve: [Function: resolve],
        normalize: [Function: normalize],
        isAbsolute: [Function: isAbsolute],
        join: [Function: join],
        relative: [Function: relative],
        toNamespacedPath: [Function: toNamespacedPath],
        dirname: [Function: dirname],
        basename: [Function: basename],
        extname: [Function: extname],
        format: [Function: bound _format],
        parse: [Function: parse],
        matchesGlob: [Function: matchesGlob],
        sep: '/',
        delimiter: ':',
        win32: [Circular *1],
        posix: [Circular *2],
        _makeLong: [Function: toNamespacedPath]
      },
      _makeLong: [Function: toNamespacedPath]
    }

      at config/connDB.js:6:9

  console.log
    Connected to SQLite database at G:\fangzheng\solo-dogfeeding\code\node-sqlite-api-10530\data\app.db

      at config/connDB.js:19:13

  ● Test suite failed to run

    Must use import to load ES Module: G:\fangzheng\solo-dogfeeding\code\node-sqlite-api-10530\controllers\authorController.js

    [0m[31m[1m>[22m[39m[90m 1 |[39m [36mconst[39m { createAuthor } [33m=[39m require([32m"../../controllers/authorController.js"[39m)[33m;[39m
     [90m   |[39m                          [31m[1m^[22m[39m
     [90m 2 |[39m [36mconst[39m dbHelpers [33m=[39m require([32m'../../utils/dbRunMethodWrapper.js'[39m)[33m;[39m
     [90m 3 |[39m
     [90m 4 |[39m jest[33m.[39mmock([32m'../../utils/dbRunMethodWrapper.js'[39m)[33m;[39m[0m

      at Runtime.requireModule (node_modules/jest-runtime/build/index.js:801:21)
      at Object.<anonymous> (tests/controllers/createAuthor.test.cjs:1:26)

FAIL tests/controllers/getAuthors.test.js
  ● Test suite failed to run

    Returning a Promise from "describe" is not supported. Tests must be defined synchronously.

    [0m [90m  6 |[39m [36mlet[39m mockExecute[33m;[39m
     [90m  7 |[39m
    [31m[1m>[22m[39m[90m  8 |[39m describe([32m'get All authors unit test'[39m[33m,[39m [36masync[39m ()[33m=>[39m{
     [90m    |[39m [31m[1m^[22m[39m
     [90m  9 |[39m     [36mlet[39m req[33m;[39m
     [90m 10 |[39m     [36mlet[39m res[33m;[39m
     [90m 11 |[39m[0m

      at tests/controllers/getAuthors.test.js:8:1

  console.log
    <ref *1> {
      resolve: [Function: resolve],
      normalize: [Function: normalize],
      isAbsolute: [Function: isAbsolute],
      join: [Function: join],
      relative: [Function: relative],
      toNamespacedPath: [Function: toNamespacedPath],
      dirname: [Function: dirname],
      basename: [Function: basename],
      extname: [Function: extname],
      format: [Function: bound _format],
      parse: [Function: parse],
      matchesGlob: [Function: matchesGlob],
      sep: '\\',
      delimiter: ';',
      win32: [Circular *1],
      posix: <ref *2> {
        resolve: [Function: resolve],
        normalize: [Function: normalize],
        isAbsolute: [Function: isAbsolute],
        join: [Function: join],
        relative: [Function: relative],
        toNamespacedPath: [Function: toNamespacedPath],
        dirname: [Function: dirname],
        basename: [Function: basename],
        extname: [Function: extname],
        format: [Function: bound _format],
        parse: [Function: parse],
        matchesGlob: [Function: matchesGlob],
        sep: '/',
        delimiter: ':',
        win32: [Circular *1],
        posix: [Circular *2],
        _makeLong: [Function: toNamespacedPath]
      },
      _makeLong: [Function: toNamespacedPath]
    }

      at config/connDB.js:6:9

  console.log
    Connected to SQLite database at G:\fangzheng\solo-dogfeeding\code\node-sqlite-api-10530\data\app.db

      at config/connDB.js:19:13

  console.log
    <ref *1> {
      resolve: [Function: resolve],
      normalize: [Function: normalize],
      isAbsolute: [Function: isAbsolute],
      join: [Function: join],
      relative: [Function: relative],
      toNamespacedPath: [Function: toNamespacedPath],
      dirname: [Function: dirname],
      basename: [Function: basename],
      extname: [Function: extname],
      format: [Function: bound _format],
      parse: [Function: parse],
      matchesGlob: [Function: matchesGlob],
      sep: '\\',
      delimiter: ';',
      win32: [Circular *1],
      posix: <ref *2> {
        resolve: [Function: resolve],
        normalize: [Function: normalize],
        isAbsolute: [Function: isAbsolute],
        join: [Function: join],
        relative: [Function: relative],
        toNamespacedPath: [Function: toNamespacedPath],
        dirname: [Function: dirname],
        basename: [Function: basename],
        extname: [Function: extname],
        format: [Function: bound _format],
        parse: [Function: parse],
        matchesGlob: [Function: matchesGlob],
        sep: '/',
        delimiter: ':',
        win32: [Circular *1],
        posix: [Circular *2],
        _makeLong: [Function: toNamespacedPath]
      },
      _makeLong: [Function: toNamespacedPath]
    }

      at config/connDB.js:6:9

  console.log
    Connected to SQLite database at G:\fangzheng\solo-dogfeeding\code\node-sqlite-api-10530\data\app.db

      at config/connDB.js:19:13

(node:1772) ExperimentalWarning: VM Modules is an experimental feature and might change at any time
(Use `node --trace-warnings ...` to show where the warning was created)
FAIL tests/controllers/restoreBook.test.js (13.593 s)
  restoreBook unit test
    × should restore a deleted book when author is not deleted (3635 ms)
    × should return 404 when deleted book does not exist (720 ms)
    × should return 400 when author is also deleted (529 ms)

  ● restoreBook unit test › should restore a deleted book when author is not deleted

    expect(jest.fn()).toHaveBeenCalledTimes(expected)

    Expected number of calls: 2
    Received number of calls: 0

    [0m [90m 42 |[39m         [36mawait[39m restoreBook(req[33m,[39m res)[33m;[39m
     [90m 43 |[39m
    [31m[1m>[22m[39m[90m 44 |[39m         expect(mockFetchFirst)[33m.[39mtoHaveBeenCalledTimes([35m2[39m)[33m;[39m
     [90m    |[39m                                [31m[1m^[22m[39m
     [90m 45 |[39m         expect(mockFetchFirst)[33m.[39mtoHaveBeenNthCalledWith([35m1[39m[33m,[39m
     [90m 46 |[39m             expect[33m.[39manything()[33m,[39m
     [90m 47 |[39m             expect[33m.[39mstringContaining([32m'SELECT * FROM books WHERE id = ? AND deleted_at IS NOT NULL'[39m)[33m,[39m[0m

      at Object.<anonymous> (tests/controllers/restoreBook.test.js:44:32)

  ● restoreBook unit test › should return 404 when deleted book does not exist

    expect(received).rejects.toMatchObject()

    Matcher error: received value must be a promise or a function returning a promise

    Received has value: undefined

    [0m [90m 65 |[39m         mockFetchFirst[33m.[39mmockResolvedValue([36mnull[39m)[33m;[39m
     [90m 66 |[39m
    [31m[1m>[22m[39m[90m 67 |[39m         [36mawait[39m expect(restoreBook(req[33m,[39m res))[33m.[39mrejects[33m.[39mtoMatchObject({
     [90m    |[39m                                                     [31m[1m^[22m[39m
     [90m 68 |[39m             message[33m:[39m [32m'Deleted book with the given id 1 does not exist'[39m[33m,[39m
     [90m 69 |[39m             statusCode[33m:[39m [35m404[39m
     [90m 70 |[39m         })[33m;[39m[0m

      at Object.toMatchObject (node_modules/expect/build/index.js:2153:11)
      at Object.<anonymous> (tests/controllers/restoreBook.test.js:67:53)

  ● restoreBook unit test › should return 400 when author is also deleted

    expect(received).rejects.toMatchObject()

    Matcher error: received value must be a promise or a function returning a promise

    Received has value: undefined

    [0m [90m 78 |[39m             [33m.[39mmockResolvedValueOnce([36mnull[39m)[33m;[39m
     [90m 79 |[39m
    [31m[1m>[22m[39m[90m 80 |[39m         [36mawait[39m expect(restoreBook(req[33m,[39m res))[33m.[39mrejects[33m.[39mtoMatchObject({
     [90m    |[39m                                                     [31m[1m^[22m[39m
     [90m 81 |[39m             message[33m:[39m [32m'Cannot restore book because its author is also deleted. Please restore the author first.'[39m[33m,[39m
     [90m 82 |[39m             statusCode[33m:[39m [35m400[39m
     [90m 83 |[39m         })[33m;[39m[0m

      at Object.toMatchObject (node_modules/expect/build/index.js:2153:11)
      at Object.<anonymous> (tests/controllers/restoreBook.test.js:80:53)

(node:25472) ExperimentalWarning: VM Modules is an experimental feature and might change at any time
(Use `node --trace-warnings ...` to show where the warning was created)
FAIL tests/controllers/getSingleDeletedAuthor.test.js (13.578 s)
  getSingleDeletedAuthor unit test
    × should return a single deleted author with their deleted books (3647 ms)
    × should return 404 when deleted author does not exist (783 ms)
    × should return deleted author without books when no deleted books exist (443 ms)

  ● getSingleDeletedAuthor unit test › should return a single deleted author with their deleted books

    expect(jest.fn()).toHaveBeenCalledWith(...expected)

    Expected: Anything, StringContaining "WHERE authors.id = ? AND authors.deleted_at IS NOT NULL", [1]

    Number of calls: 0

    [0m [90m 52 |[39m         [36mawait[39m getSingleDeletedAuthor(req[33m,[39m res)[33m;[39m
     [90m 53 |[39m
    [31m[1m>[22m[39m[90m 54 |[39m         expect(mockFetchAll)[33m.[39mtoHaveBeenCalledWith(
     [90m    |[39m                              [31m[1m^[22m[39m
     [90m 55 |[39m             expect[33m.[39manything()[33m,[39m
     [90m 56 |[39m             expect[33m.[39mstringContaining([32m'WHERE authors.id = ? AND authors.deleted_at IS NOT NULL'[39m)[33m,[39m
     [90m 57 |[39m             [[35m1[39m][0m

      at Object.<anonymous> (tests/controllers/getSingleDeletedAuthor.test.js:54:30)

  ● getSingleDeletedAuthor unit test › should return 404 when deleted author does not exist

    expect(received).rejects.toMatchObject()

    Matcher error: received value must be a promise or a function returning a promise

    Received has value: undefined

    [0m [90m 72 |[39m         mockFetchAll[33m.[39mmockResolvedValue([])[33m;[39m
     [90m 73 |[39m
    [31m[1m>[22m[39m[90m 74 |[39m         [36mawait[39m expect(getSingleDeletedAuthor(req[33m,[39m res))[33m.[39mrejects[33m.[39mtoMatchObject({
     [90m    |[39m                                                                [31m[1m^[22m[39m
     [90m 75 |[39m             message[33m:[39m [32m'Deleted author with the given id 1 does not exist'[39m[33m,[39m
     [90m 76 |[39m             statusCode[33m:[39m [35m404[39m
     [90m 77 |[39m         })[33m;[39m[0m

      at Object.toMatchObject (node_modules/expect/build/index.js:2153:11)
      at Object.<anonymous> (tests/controllers/getSingleDeletedAuthor.test.js:74:64)

  ● getSingleDeletedAuthor unit test › should return deleted author without books when no deleted books exist

    expect(jest.fn()).toHaveBeenCalledWith(...expected)

    Expected: 200

    Number of calls: 0

    [0m [90m  96 |[39m         [36mawait[39m getSingleDeletedAuthor(req[33m,[39m res)[33m;[39m
     [90m  97 |[39m
    [31m[1m>[22m[39m[90m  98 |[39m         expect(res[33m.[39mstatus)[33m.[39mtoHaveBeenCalledWith([35m200[39m)[33m;[39m
     [90m     |[39m                            [31m[1m^[22m[39m
     [90m  99 |[39m         expect(res[33m.[39mjson)[33m.[39mtoHaveBeenCalledWith(expect[33m.[39mobjectContaining({
     [90m 100 |[39m             data[33m:[39m expect[33m.[39mobjectContaining({
     [90m 101 |[39m                 books[33m:[39m [][0m

      at Object.<anonymous> (tests/controllers/getSingleDeletedAuthor.test.js:98:28)

  console.log
    <ref *1> {
      resolve: [Function: resolve],
      normalize: [Function: normalize],
      isAbsolute: [Function: isAbsolute],
      join: [Function: join],
      relative: [Function: relative],
      toNamespacedPath: [Function: toNamespacedPath],
      dirname: [Function: dirname],
      basename: [Function: basename],
      extname: [Function: extname],
      format: [Function: bound _format],
      parse: [Function: parse],
      matchesGlob: [Function: matchesGlob],
      sep: '\\',
      delimiter: ';',
      win32: [Circular *1],
      posix: <ref *2> {
        resolve: [Function: resolve],
        normalize: [Function: normalize],
        isAbsolute: [Function: isAbsolute],
        join: [Function: join],
        relative: [Function: relative],
        toNamespacedPath: [Function: toNamespacedPath],
        dirname: [Function: dirname],
        basename: [Function: basename],
        extname: [Function: extname],
        format: [Function: bound _format],
        parse: [Function: parse],
        matchesGlob: [Function: matchesGlob],
        sep: '/',
        delimiter: ':',
        win32: [Circular *1],
        posix: [Circular *2],
        _makeLong: [Function: toNamespacedPath]
      },
      _makeLong: [Function: toNamespacedPath]
    }

      at config/connDB.js:6:9

  console.log
    Connected to SQLite database at G:\fangzheng\solo-dogfeeding\code\node-sqlite-api-10530\data\app.db

      at config/connDB.js:19:13

  console.log
    <ref *1> {
      resolve: [Function: resolve],
      normalize: [Function: normalize],
      isAbsolute: [Function: isAbsolute],
      join: [Function: join],
      relative: [Function: relative],
      toNamespacedPath: [Function: toNamespacedPath],
      dirname: [Function: dirname],
      basename: [Function: basename],
      extname: [Function: extname],
      format: [Function: bound _format],
      parse: [Function: parse],
      matchesGlob: [Function: matchesGlob],
      sep: '\\',
      delimiter: ';',
      win32: [Circular *1],
      posix: <ref *2> {
        resolve: [Function: resolve],
        normalize: [Function: normalize],
        isAbsolute: [Function: isAbsolute],
        join: [Function: join],
        relative: [Function: relative],
        toNamespacedPath: [Function: toNamespacedPath],
        dirname: [Function: dirname],
        basename: [Function: basename],
        extname: [Function: extname],
        format: [Function: bound _format],
        parse: [Function: parse],
        matchesGlob: [Function: matchesGlob],
        sep: '/',
        delimiter: ':',
        win32: [Circular *1],
        posix: [Circular *2],
        _makeLong: [Function: toNamespacedPath]
      },
      _makeLong: [Function: toNamespacedPath]
    }

      at config/connDB.js:6:9

  console.log
    Connected to SQLite database at G:\fangzheng\solo-dogfeeding\code\node-sqlite-api-10530\data\app.db

      at config/connDB.js:19:13

(node:1932) ExperimentalWarning: VM Modules is an experimental feature and might change at any time
(Use `node --trace-warnings ...` to show where the warning was created)
FAIL tests/controllers/updateBook.test.js (13.782 s)
  update books controller method test
    × Book does not exist (3643 ms)
    × should throw 409 if ISBN already exists (799 ms)
    × should update multiple fields successfully (448 ms)
    × should throw 400 if author_id is invalid (195 ms)

  ● update books controller method test › Book does not exist

    expect(received).rejects.toMatchObject()

    Matcher error: received value must be a promise or a function returning a promise

    Received has value: undefined

    [0m [90m 45 |[39m         mockFetchFirst[33m.[39mmockResolvedValue([36mnull[39m)[33m;[39m
     [90m 46 |[39m
    [31m[1m>[22m[39m[90m 47 |[39m         [36mawait[39m expect(updateBooks(req[33m,[39m res))[33m.[39mrejects[33m.[39mtoMatchObject({
     [90m    |[39m                                                     [31m[1m^[22m[39m
     [90m 48 |[39m             message[33m:[39m [32m'No such book with id 1 exists in the books table'[39m[33m,[39m
     [90m 49 |[39m             statusCode[33m:[39m [35m400[39m
     [90m 50 |[39m         })[33m;[39m[0m

      at Object.toMatchObject (node_modules/expect/build/index.js:2153:11)
      at Object.<anonymous> (tests/controllers/updateBook.test.js:47:53)

  ● update books controller method test › should throw 409 if ISBN already exists

    expect(received).rejects.toMatchObject()

    Matcher error: received value must be a promise or a function returning a promise

    Received has value: undefined

    [0m [90m 62 |[39m             [33m.[39mmockResolvedValueOnce({ id[33m:[39m [35m2[39m[33m,[39m title[33m:[39m [32m'Another Book'[39m })[33m;[39m
     [90m 63 |[39m
    [31m[1m>[22m[39m[90m 64 |[39m         [36mawait[39m expect(updateBooks(req[33m,[39m res))[33m.[39mrejects[33m.[39mtoMatchObject({
     [90m    |[39m                                                     [31m[1m^[22m[39m
     [90m 65 |[39m             message[33m:[39m [32m'Book with this isbn already exists, update it to something else'[39m[33m,[39m
     [90m 66 |[39m             statusCode[33m:[39m [35m409[39m
     [90m 67 |[39m         })[33m;[39m[0m

      at Object.toMatchObject (node_modules/expect/build/index.js:2153:11)
      at Object.<anonymous> (tests/controllers/updateBook.test.js:64:53)

  ● update books controller method test › should update multiple fields successfully

    expect(jest.fn()).toHaveBeenCalledWith(...expected)

    Expected: Anything, StringContaining "UPDATE books SET", ["Test", "1234567890", 1996, 1, 1]

    Number of calls: 0

    [0m [90m 79 |[39m         [36mawait[39m updateBooks(req[33m,[39mres)[33m;[39m
     [90m 80 |[39m
    [31m[1m>[22m[39m[90m 81 |[39m         expect(mockExecute)[33m.[39mtoHaveBeenCalledWith(
     [90m    |[39m                             [31m[1m^[22m[39m
     [90m 82 |[39m             expect[33m.[39manything()[33m,[39m
     [90m 83 |[39m             expect[33m.[39mstringContaining([32m'UPDATE books SET'[39m)[33m,[39m
     [90m 84 |[39m             [[32m'Test'[39m[33m,[39m [32m'1234567890'[39m[33m,[39m [35m1996[39m[33m,[39m [35m1[39m[33m,[39m [35m1[39m][0m

      at Object.<anonymous> (tests/controllers/updateBook.test.js:81:29)

  ● update books controller method test › should throw 400 if author_id is invalid

    expect(received).rejects.toMatchObject()

    Matcher error: received value must be a promise or a function returning a promise

    Received has value: undefined

    [0m [90m 93 |[39m             [33m.[39mmockResolvedValueOnce([36mnull[39m)[33m;[39m
     [90m 94 |[39m
    [31m[1m>[22m[39m[90m 95 |[39m         [36mawait[39m expect(updateBooks(req[33m,[39m res))[33m.[39mrejects[33m.[39mtoMatchObject({
     [90m    |[39m                                                     [31m[1m^[22m[39m
     [90m 96 |[39m             message[33m:[39m [32m'No such author with id 1 exists in the author table'[39m[33m,[39m
     [90m 97 |[39m             statusCode[33m:[39m [35m400[39m
     [90m 98 |[39m         })[33m;[39m[0m

      at Object.toMatchObject (node_modules/expect/build/index.js:2153:11)
      at Object.<anonymous> (tests/controllers/updateBook.test.js:95:53)

  console.log
    <ref *1> {
      resolve: [Function: resolve],
      normalize: [Function: normalize],
      isAbsolute: [Function: isAbsolute],
      join: [Function: join],
      relative: [Function: relative],
      toNamespacedPath: [Function: toNamespacedPath],
      dirname: [Function: dirname],
      basename: [Function: basename],
      extname: [Function: extname],
      format: [Function: bound _format],
      parse: [Function: parse],
      matchesGlob: [Function: matchesGlob],
      sep: '\\',
      delimiter: ';',
      win32: [Circular *1],
      posix: <ref *2> {
        resolve: [Function: resolve],
        normalize: [Function: normalize],
        isAbsolute: [Function: isAbsolute],
        join: [Function: join],
        relative: [Function: relative],
        toNamespacedPath: [Function: toNamespacedPath],
        dirname: [Function: dirname],
        basename: [Function: basename],
        extname: [Function: extname],
        format: [Function: bound _format],
        parse: [Function: parse],
        matchesGlob: [Function: matchesGlob],
        sep: '/',
        delimiter: ':',
        win32: [Circular *1],
        posix: [Circular *2],
        _makeLong: [Function: toNamespacedPath]
      },
      _makeLong: [Function: toNamespacedPath]
    }

      at config/connDB.js:6:9

  console.log
    Connected to SQLite database at G:\fangzheng\solo-dogfeeding\code\node-sqlite-api-10530\data\app.db

      at config/connDB.js:19:13

  console.log
    <ref *1> {
      resolve: [Function: resolve],
      normalize: [Function: normalize],
      isAbsolute: [Function: isAbsolute],
      join: [Function: join],
      relative: [Function: relative],
      toNamespacedPath: [Function: toNamespacedPath],
      dirname: [Function: dirname],
      basename: [Function: basename],
      extname: [Function: extname],
      format: [Function: bound _format],
      parse: [Function: parse],
      matchesGlob: [Function: matchesGlob],
      sep: '\\',
      delimiter: ';',
      win32: [Circular *1],
      posix: <ref *2> {
        resolve: [Function: resolve],
        normalize: [Function: normalize],
        isAbsolute: [Function: isAbsolute],
        join: [Function: join],
        relative: [Function: relative],
        toNamespacedPath: [Function: toNamespacedPath],
        dirname: [Function: dirname],
        basename: [Function: basename],
        extname: [Function: extname],
        format: [Function: bound _format],
        parse: [Function: parse],
        matchesGlob: [Function: matchesGlob],
        sep: '/',
        delimiter: ':',
        win32: [Circular *1],
        posix: [Circular *2],
        _makeLong: [Function: toNamespacedPath]
      },
      _makeLong: [Function: toNamespacedPath]
    }

      at config/connDB.js:6:9

  console.log
    Connected to SQLite database at G:\fangzheng\solo-dogfeeding\code\node-sqlite-api-10530\data\app.db

      at config/connDB.js:19:13

FAIL tests/controllers/getBooks.test.js
  get All Books method test
    × should return books with default query params (261 ms)
    × should apply title filter when provided (135 ms)
    × should return 204 when no books found (124 ms)

  ● get All Books method test › should return books with default query params

    expect(jest.fn()).toHaveBeenCalledWith(...expected)

    Expected: Anything, StringContaining "LIMIT ? OFFSET ?", ArrayContaining [10, 0]

    Number of calls: 0

    [0m [90m 47 |[39m         [36mawait[39m getAllBooks(req[33m,[39mres)[33m;[39m
     [90m 48 |[39m
    [31m[1m>[22m[39m[90m 49 |[39m         expect(mockFetchAll)[33m.[39mtoHaveBeenCalledWith(
     [90m    |[39m                              [31m[1m^[22m[39m
     [90m 50 |[39m             expect[33m.[39manything()[33m,[39m
     [90m 51 |[39m             expect[33m.[39mstringContaining([32m'LIMIT ? OFFSET ?'[39m)[33m,[39m
     [90m 52 |[39m             expect[33m.[39marrayContaining([[35m10[39m[33m,[39m[35m0[39m])[0m

      at Object.<anonymous> (tests/controllers/getBooks.test.js:49:30)

  ● get All Books method test › should apply title filter when provided

    expect(jest.fn()).toHaveBeenCalledWith(...expected)

    Expected: Anything, StringContaining "books.title LIKE ?", ArrayContaining ["%Test%", 2025, 10, 0]

    Number of calls: 0

    [0m [90m 75 |[39m         [36mawait[39m getAllBooks(req[33m,[39mres)[33m;[39m
     [90m 76 |[39m
    [31m[1m>[22m[39m[90m 77 |[39m         expect(mockFetchAll)[33m.[39mtoHaveBeenCalledWith(
     [90m    |[39m                              [31m[1m^[22m[39m
     [90m 78 |[39m             expect[33m.[39manything()[33m,[39m
     [90m 79 |[39m             expect[33m.[39mstringContaining([32m'books.title LIKE ?'[39m)[33m,[39m
     [90m 80 |[39m             expect[33m.[39marrayContaining([[32m'%Test%'[39m[33m,[39m [35m2025[39m[33m,[39m [35m10[39m[33m,[39m [35m0[39m])[0m

      at Object.<anonymous> (tests/controllers/getBooks.test.js:77:30)

  ● get All Books method test › should return 204 when no books found

    expect(jest.fn()).toHaveBeenCalledWith(...expected)

    Expected: 204

    Number of calls: 0

    [0m [90m 89 |[39m         [36mawait[39m getAllBooks(req[33m,[39mres)[33m;[39m
     [90m 90 |[39m
    [31m[1m>[22m[39m[90m 91 |[39m         expect(res[33m.[39mstatus)[33m.[39mtoHaveBeenCalledWith([35m204[39m)[33m;[39m
     [90m    |[39m                            [31m[1m^[22m[39m
     [90m 92 |[39m         expect(res[33m.[39mjson)[33m.[39mtoHaveBeenCalledWith({msg[33m:[39m[32m"No any books in the list yet"[39m})[33m;[39m
     [90m 93 |[39m     })[33m;[39m
     [90m 94 |[39m })[0m

      at Object.<anonymous> (tests/controllers/getBooks.test.js:91:28)

Test Suites: 14 failed, 14 total
Tests:       31 failed, 31 total
Snapshots:   0 total
Time:        17.492 s
Ran all test suites.
